[composite_index_vars] 已加载：全量 96 个指标 / 双库安全子集 60 个 / 轨迹APRI子集 6 个
ℹ 跳过疾病相关变量衍生指标 5 个: CAR, UA_CrR, UA_CR, BUN_Cr, EASIX

── SLE→AKI two-stage batch — 候选 55 个指标 ────────────────────────────────────
ℹ single-db MIMIC | workers=auto | skip_existing=FALSE
ℹ 结果根: 'G:/02block_result/29_SLE/inincidence_prognosis_39003396_42304330'
ℹ 跳过疾病相关变量衍生指标 5 个: CAR, UA_CrR, UA_CR, BUN_Cr, EASIX

── 共享层 Stage0 — ip_cohort_sle_aki → attrition_flowchart → data_clean → column_mapping → index → analysis_exclusion → imputation ──

ℹ checkpoint: 'G:/02block_result/29_SLE/inincidence_prognosis_39003396_42304330/checkpoints/_shared/mimic'
ℹ output: 'G:/02block_result/29_SLE/inincidence_prognosis_39003396_42304330/_shared'

── Pipeline: sle_aki_inc_prog_shared_stage0 ────────────────────────────────────
ℹ 检查点: 'G:/02block_result/29_SLE/inincidence_prognosis_39003396_42304330/checkpoints/_shared/mimic'（关闭: pipeline$checkpoint$enable = FALSE）
ℹ Blocks (7): ip_cohort_sle_aki → attrition_flowchart → data_clean → column_mapping → index → analysis_exclusion → imputation
ℹ Output: 'G:/02block_result/29_SLE/inincidence_prognosis_39003396_42304330/_shared'
ℹ Created output directory: 'G:/02block_result/29_SLE/inincidence_prognosis_39003396_42304330/_shared'
── Block: ip_cohort_sle_aki ────────────────────────────────────────────────────
ℹ Block output directory: 'G:/02block_result/29_SLE/inincidence_prognosis_39003396_42304330/_shared/step01_ip_cohort_sle_aki'
✔ ip_cohort_sle_aki: baseline=65366 → SLE=271 → analytic=271 (AKI=110)
✔ Block 'ip_cohort_sle_aki' done in 0.2s
────────────────────────────────────────────────────────────────────────────────
ℹ Checkpoint saved: 'step01_ip_cohort_sle_aki.rds'
── Block: attrition_flowchart ──────────────────────────────────────────────────
ℹ Block output directory: 'G:/02block_result/29_SLE/inincidence_prognosis_39003396_42304330/_shared/step02_attrition_flowchart'
ℹ Mirrored to root: 'Figures/Figure 1. Flowchart.pdf'
✔ attrition_flowchart: 3 step(s) -> 'Flowchart_attrition_mimic.csv + Figure 1. Inclusion exclusion flowchart_mimic.pdf'
ℹ Mirrored to root: 'Figures/Figure 1. Flowchart.pdf'
✔ Block 'attrition_flowchart' done in 0.5s
────────────────────────────────────────────────────────────────────────────────
ℹ No queued tables to render.
ℹ No queued figures to render.
ℹ Checkpoint saved: 'step02_attrition_flowchart.rds'
── Block: data_clean ───────────────────────────────────────────────────────────
ℹ Block output directory: 'G:/02block_result/29_SLE/inincidence_prognosis_39003396_42304330/_shared/step03_data_clean'

── Loading raw data ──

ℹ Using SLE∩baseline cohort from ip_cohort_sle_aki (271 rows x 105 cols)
ℹ Loaded: 271 rows x 105 cols
ℹ Derived indices computation disabled (enable = FALSE)
ℹ Outcome 'Disease' values: 1, 0
! 数值列非有限值 → NA: 5 个单元格

── Missing value check (threshold = 100% for all columns) ──

✔ No columns exceed missing threshold
ℹ 73 column(s) kept with partial missing (will be handled by imputation)
✔ Cleaned data: 271 rows x 105 cols
ℹ Outcome distribution:

No AKI    AKI 
   161    110 
✔ Saved: 'data_quality_report.csv'
✔ Block 'data_clean' done in 0.3s
────────────────────────────────────────────────────────────────────────────────
ℹ Checkpoint saved: 'step03_data_clean.rds'
── Block: column_mapping ───────────────────────────────────────────────────────
ℹ Block output directory: 'G:/02block_result/29_SLE/inincidence_prognosis_39003396_42304330/_shared/step04_column_mapping'

── Column Name Mapping Block ───────────────────────────────────────────────────
ℹ Database type: MIMIC
ℹ Original columns: 105
ℹ Auto-mapping columns for MIMIC database
✔ Renamed: 'PlateletCount' -> 'Platelet_Count'
✔ Renamed: 'NeutrophilCount' -> 'Neutrophil_Count'
✔ Renamed: 'BilirubinDirect' -> 'Bilirubin_Direct'
✔ Renamed: 'BilirubinIndirect' -> 'Bilirubin_Indirect'
✔ Renamed: 'BilirubinTotal' -> 'Bilirubin_Total'
✔ Renamed: 'UrineCreatinine' -> 'Urine_Creatinine'
✔ Renamed: 'UreaNitrogen' -> 'BUN'
✔ Renamed: 'TC' -> 'Total_Cholesterol'
✔ Renamed: 'TG' -> 'Triglycerides'
✔ Renamed: 'PO2' -> 'PaO2'
✔ Renamed: 'FreeCalcium' -> 'Free_Calcium'
✔ Renamed: 'UricAcid' -> 'Uric_Acid'
✔ Renamed: 'TroponinT' -> 'Troponint'
✔ Renamed: 'UrineProtein' -> 'Urine_Protein'
✔ Renamed: 'UrineGlucose' -> 'Urine_Glucose'
✔ Renamed: 'AlbuminUrine' -> 'Albumin_Urine'
✔ Renamed: 'AlbuminCreatinine' -> 'Albumin_Creatinine'
✔ Renamed: 'UrineVolume' -> 'Urine_Volume'
✔ Renamed: 'Malignant_Tumor' -> 'Cancer'
✔ Renamed: 'NBPS' -> 'SBP'
✔ Renamed: 'NBPM' -> 'MAP'
✔ Renamed: 'NBPD' -> 'DBP'
✔ Renamed: 'CHARLSON' -> 'Charlson'
✔ Saved: 'column_mapping_log.csv'
✔ Column mapping completed: 23 columns mapped
ℹ Final columns: 105
✔ Block 'column_mapping' done in 0.2s
────────────────────────────────────────────────────────────────────────────────
ℹ Checkpoint saved: 'step04_column_mapping.rds'
── Block: index ────────────────────────────────────────────────────────────────
ℹ Block output directory: 'G:/02block_result/29_SLE/inincidence_prognosis_39003396_42304330/_shared/step05_index'

── Computing derived indices (110 definitions) ──

✔   BMI: n=143, range=[14.08, 67.09]
✔   NLR: n=90, range=[1.6984, 122.5455]
✔   PLR: n=90, range=[25.5172, 3987.5]
✔   SII: n=90, range=[174.3077, 24252]
✔   NLPR: n=90, range=[0.6331, 192.1488]
✔   ANLR: n=69, range=[0, 1.7664]
✔   LHR: n=20, range=[0.1249, 6.8533]
✔   PHR: n=32, range=[0.7397, 81.25]
✔   HALP: n=69, range=[0, 130.1003]
✔   GLR: n=90, range=[24.4582, 3225]
✔   WPR: n=268, range=[0.0048, 0.9156]
✔   AIP: n=31, range=[0.0095, 1.4914]
✔   TyG: n=65, range=[7.3366, 11.0909]
✔   NHHR: n=32, range=[0.5068, 23.75]
✔   RC: n=31, range=[9, 65]
✔   TG_HDL_C: n=31, range=[1.0222, 31]
✔   TC_HDL: n=32, range=[1.5068, 24.75]
✔   NHDL: n=32, range=[24, 210]
✔   AC: n=32, range=[0.5068, 23.75]
✔   CRI_I: n=32, range=[1.5068, 24.75]
✔   CRI_II: n=31, range=[0.1918, 17.5]
!   Periodontitis: skipped (object 'Periodontitis' not found)
✔   OAScore_z: n=20, range=[-8.0795, 2.1784]
✔   LCI: n=31, range=[0.4027, 62.8644]
✔   CHG: n=32, range=[5.7568, 8.9193]
✔   AIP_BMI: n=13, range=[5.1948, 33.8249]
✔   TyG_BMI: n=37, range=[132.8496, 472.8818]
✔   TCBI: n=33, range=[161.3745, 4629.9]
✔   HbA1c_HDL_C: n=20, range=[0.0616, 0.4109]
✔   ALT_HDL_C: n=27, range=[0.1702, 197.3077]
✔   SHR: n=31, range=[0.5765, 5.5222]
✔   HGI: n=31, range=[-5.21, 9.88]
✔   GPR: n=267, range=[0.4894, 7.7261]
✔   De_Ritis: n=187, range=[0.3069, 10.75]
✔   FIB4: n=186, range=[0.1515, 58.487]
✔   APRI: n=190, range=[0.0637, 77.7]
✔   ALBI: n=147, range=[-3.1325, 0.4239]
✔   AGR: n=8, range=[0.4118, 1.8235]
✔   BAR: n=162, range=[1.2121, 68.125]
✔   AFR: n=79, range=[248.5714, 6716.6667]
✔   LAR: n=138, range=[37.9412, 2001.5625]
✔   log2LAR: n=138, range=[5.2457, 10.9669]
✔   ALI: n=40, range=[0, 39.0217]
✔   CAR: n=161, range=[0.1026, 8.2632]
✔   UA_CrR: n=12, range=[0.42, 11.5714]
✔   UA_CR: n=12, range=[0.42, 11.5714]
✔   BUN_Cr: n=267, range=[2.3171, 72]
Warning in min(x) : no non-missing arguments to min; returning Inf
Warning in max(x) : no non-missing arguments to max; returning -Inf
✔   UACR: n=0, range=[Inf, -Inf]
✔   Hemoglobin: n=267, range=[5.6, 15.7]
✔   RAR: n=160, range=[3.186, 16.4375]
✔   MCH: n=267, range=[21.09, 38.7665]
✔   MCV: n=267, range=[69.7723, 120.2643]
✔   MCHC: n=267, range=[28.2258, 40]
✔   RDW_CV: n=264, range=[1.105, 3.165]
✔   HHR: n=267, range=[0.2823, 0.4]
✔   HRR: n=264, range=[0.2205, 1.2101]
✔   UHR: n=2, range=[0.1396, 0.1906]
✔   PNI: n=69, range=[13.5, 55.7]
✔   METSIR: n=13, range=[2.1438, 3.1645]
✔   EASIX: n=166, range=[0.1598, 450.0583]
✔   SOSM: n=266, range=[248.5839, 349.6333]
✔   ACAG: n=163, range=[10, 37.5]
!   ABSI: skipped (object 'Waist_circumference' not found)
!   BRI: skipped (object 'Waist_circumference' not found)
!   WWI: skipped (object 'Waist_circumference' not found)
!   WHtR: skipped (object 'Waist_circumference' not found)
!   CMI: skipped (object 'Waist_circumference' not found)
!   AISI: skipped (object 'Monocyte' not found)
!   SIRI: skipped (object 'Monocyte' not found)
!   LMR: skipped (object 'Monocyte' not found)
!   MLR: skipped (object 'Monocyte' not found)
!   PIV: skipped (object 'Monocyte' not found)
!   SIIR: skipped (object 'Monocyte' not found)
!   SIS: skipped (Failed to evaluate the left-hand side of formula 1. Caused by error: ! object 'Monocyte' not found)
!   MHR: skipped (object 'Monocyte' not found)
!   NMLR: skipped (object 'Monocyte' not found)
!   CALLY: skipped (object 'HSCRP' not found)
!   CLR: skipped (object 'HSCRP' not found)
!   CTI: skipped (object 'HSCRP' not found)
!   hs_CRP_HDL_C: skipped (object 'HSCRP' not found)
!   AIP_WC: skipped (object 'Waist_circumference' not found)
!   AIP_WHtR: skipped (object 'Waist_circumference' not found)
!   WTI: skipped (object 'Waist_circumference' not found)
!   TyG_WHtR: skipped (object 'Waist_circumference' not found)
!   TyG_WC: skipped (object 'Waist_circumference' not found)
!   TyG_WWI: skipped (object 'Waist_circumference' not found)
!   TyG_ABSI: skipped (object 'Waist_circumference' not found)
!   RCII: skipped (object 'HSCRP' not found)
!   lnRCII: skipped (object 'HSCRP' not found)
!   HOMA_IR: skipped (object 'Insulin' not found)
!   MCMI: skipped (object 'Waist_circumference' not found)
!   eGDR: skipped (object 'Waist_circumference' not found)
!   HSI: skipped (object 'Diabetes' not found)
!   NFS: skipped (object 'Diabetes' not found)
ℹ   [intermediate] alb_score: n=157, NA=114
ℹ   [intermediate] lymp_score: n=92, NA=179
ℹ   [intermediate] chol_score: n=34, NA=237
✔   CONUT_score: n=16, range=[3, 11]
ℹ   [intermediate] MBP: n=264, NA=7
✔   ePWV: n=263, range=[5.7213, 18.9981]
ℹ   [intermediate] lbLDL_C: n=31, NA=240
✔   sdLDL_C: n=31, range=[10.534, 63.6811]
ℹ   [intermediate] ALT_AST_ratio_flag: n=187, NA=84
!   FSI: skipped (object 'Diabetes' not found)
!   METS_VF: skipped (object 'Waist_circumference' not found)
✔   GNRI: n=93, range=[55.0611, 154.5312]
✔   ZJU: n=35, range=[117.1764, 713.2993]
!   VAI: skipped (Failed to evaluate the right-hand side of formula 1. Caused by error: ! object 'Waist_circumference' not found)
!   RFM: skipped (Failed to evaluate the right-hand side of formula 1. Caused by error: ! object 'Waist_circumference' not found)
!   LAP: skipped (Failed to evaluate the right-hand side of formula 1. Caused by error: ! object 'Waist_circumference' not found)
✔ Saved: Table Index Summary.csv

── Index summary ──

✔ Computed: 66 indices, 
ℹ Intermediate: 6 (alb_score, lymp_score, chol_score, MBP, lbLDL_C, ALT_AST_ratio_flag)
! Skipped: 38 (Periodontitis, ABSI, BRI, WWI, WHtR, CMI, AISI, SIRI, LMR, MLR, PIV, SIIR, SIS, MHR, NMLR, CALLY, CLR, CTI, hs_CRP_HDL_C, AIP_WC, AIP_WHtR, WTI, TyG_WHtR, TyG_WC, TyG_WWI, TyG_ABSI, RCII, lnRCII, HOMA_IR, MCMI, eGDR, HSI, NFS, FSI, METS_VF, VAI, RFM, LAP)
✔ Block 'index' done in 0.7s
────────────────────────────────────────────────────────────────────────────────
ℹ Checkpoint saved: 'step05_index.rds'
── Block: analysis_exclusion ───────────────────────────────────────────────────
ℹ Block output directory: 'G:/02block_result/29_SLE/inincidence_prognosis_39003396_42304330/_shared/step06_analysis_exclusion'
ℹ analysis_exclusion resolve: index_var=; ae=NA; active_unit=NA; incidence=NA; survival=NA
ℹ analysis_exclusion [cleaned]: 已删除 13 列
ℹ analysis_exclusion [raw]: 已删除 14 列
ℹ analysis_exclusion [mapped]: 已删除 13 列
✔ analysis_exclusion: 当前指标 (none)；拟删 21 列
✔ Block 'analysis_exclusion' done in 0.1s
────────────────────────────────────────────────────────────────────────────────
ℹ No queued tables to render.
ℹ Checkpoint saved: 'step06_analysis_exclusion.rds'
── Block: imputation ───────────────────────────────────────────────────────────
ℹ Block output directory: 'G:/02block_result/29_SLE/inincidence_prognosis_39003396_42304330/_shared/step07_imputation'
Warning: package 'dplyr' was built under R version 4.5.3
Warning: package 'naniar' was built under R version 4.5.3
Warning: package 'ggplot2' was built under R version 4.5.3
ℹ 检测到 ID 列: ID — 不参与 MICE；保存 D01 时主键 ID 转为行名
ℹ Total missing values before imputation: 18953
ℹ 保留指定列（缺失率超阈值但不可删）: NLR, PLR, SII, NLPR, ANLR, PHR, HALP, GLR, AIP, TyG, NHHR, RC, TG_HDL_C, TC_HDL, NHDL, AC, CRI_I, CRI_II, LCI, CHG, SHR, HGI, ALBI, AGR, BAR, LAR, log2LAR, RAR, PNI, BMI, LHR, UHR, ALI, METSIR, AFR, HbA1c_HDL_C, ALT_HDL_C, sdLDL_C, CONUT_score
ℹ 按 missing_col_threshold=0.4 剔除 43 列: Height, ABPS, ABPD, ABPM, Neutrophil_Count, Lymphocytes, Globulin, TotalProtein...
ℹ MICE 不插补结局列: Disease
ℹ 血压列 SBP, DBP, PP 缺失合计 16 个单元格（将参与 MICE）

── Generating missing value overview plot ──

✔ Missing value overview plot saved: G:/02block_result/29_SLE/inincidence_prognosis_39003396_42304330/_shared/step07_imputation/Figures/Figure Missing Value Overview.pdf
ℹ Mirrored to root: 'Figures/Figure Missing Value Overview.pdf'

── Running MICE (method=cart, m=5, maxit=5, seed=1234) ──

Warning: Number of logged events: 2281
ℹ MICE 后残留 NA 1253 个（共线性跳过列），已用中位数/众数兜底填补: TC_HDL, AC, CRI_I, AGR, HHR, UHR
✔ Imputation complete. Remaining NA: 0
! sparse_categorical: 删除任一层级 n<20 的分类列 (10): Race, Language, SIRS, T1DM, Myocardial_Infarction, Liver_cirrhosis, Hepatitis, Tuberculosis, COPD, UHR
ℹ mice_row_ids locked for Rubin pool (n=271)

── Generating Table S1 (before vs after imputation) ──

ℹ Table S1 排除变量: ID, Disease
! Table S1 skip ID-like numeric cols: Weight, WBC, RBC, Platelet_Count, Hematocrit, PTT, LD, Ventilation_Hour, BUN_Cr, EASIX, MBP, ePWV
ℹ Queued table task: 'Table S1-MIMIC. Baseline characteristics before and after imputation.xlsx'
✔ Table S1 queued (export_sci_table)
ℹ MI quality gate: 无 P < 0.05 变量需剔除。
✔ Saved: 'D01_AfterMI_Data.RData'
✔ D01_AfterMI_Data.RData saved (rownames = primary ID, ID columns removed)
✔ Excel table saved (SCI 三线表): 'Table S1-MIMIC. Baseline characteristics before and after imputation.xlsx'
ℹ Mirrored to root: 'Tables/Table S1-MIMIC. Baseline characteristics before and after imputation.xlsx'
✔ LaTeX table saved (booktabs + longtable): 'Table S1-MIMIC. Baseline characteristics before and after imputation.tex'
ℹ Mirrored to root: 'Tables/Table S1-MIMIC. Baseline characteristics before and after imputation.xlsx'
ℹ Mirrored to root: 'Figures/Figure Missing Value Overview.pdf'
✔ Block 'imputation' done in 208.9s
────────────────────────────────────────────────────────────────────────────────
ℹ No queued tables to render.
ℹ Checkpoint saved: 'step07_imputation.rds'
✔ Pipeline finished: sle_aki_inc_prog_shared_stage0
ℹ Mirrored to root: 'Figures/Figure 1. Flowchart.pdf'
ℹ Mirrored to root: 'Tables/Table S1-MIMIC. Baseline characteristics before and after imputation.xlsx'
ℹ Mirrored to root: 'Figures/Figure Missing Value Overview.pdf'
ℹ 已汇总镜像 3 个发表表/图到根目录 Tables/Figures
Warning in file(con, "r") :
  cannot open file 'C:\Users\Administrator\AppData\Local\Temp\RtmpKyUnPD\file4334131d7f0c': No such file or directory
! 栅格化失败 [Figure 1. Flowchart]: cannot open the connection

── 从共享层筛查实际可用指标 ──

✔ 共享层可用指标 (n_valid>=50): 29 个: NLR, PLR, SII, NLPR, ANLR, HALP, GLR, WPR, TyG, GPR, De_Ritis, FIB4, APRI, ALBI, BAR, LAR, log2LAR, RAR, HRR, PNI, SOSM, BMI, MCH, MCV, MCHC, RDW_CV, HHR, ACAG, AFR
✔ 最终批量指标: 29 个

── Worker 数自动推算 ──

ℹ CPU 逻辑核心: 32 (保留 2 → 可用上限 30)
ℹ 系统内存: 总 125.6 GB / 空闲 74.2 GB (每路估 2 GB，保留 4 GB)
ℹ 内存可并行上限: 35 | 指标数上限: 29
✔ ─── 最终并行路数: 29 ───
ℹ Worker 启动模式: processx
ℹ Rscript: 'C:/Program Files/R/R-4.5.1/bin/x64/Rscript.exe'
✔ 启动 worker [NLR] → 'NLR.log'
✔ 启动 worker [PLR] → 'PLR.log'
✔ 启动 worker [SII] → 'SII.log'
✔ 启动 worker [NLPR] → 'NLPR.log'
✔ 启动 worker [ANLR] → 'ANLR.log'
✔ 启动 worker [HALP] → 'HALP.log'
✔ 启动 worker [GLR] → 'GLR.log'
✔ 启动 worker [WPR] → 'WPR.log'
✔ 启动 worker [TyG] → 'TyG.log'
✔ 启动 worker [GPR] → 'GPR.log'
✔ 启动 worker [De_Ritis] → 'De_Ritis.log'
✔ 启动 worker [FIB4] → 'FIB4.log'
✔ 启动 worker [APRI] → 'APRI.log'
✔ 启动 worker [ALBI] → 'ALBI.log'
✔ 启动 worker [BAR] → 'BAR.log'
✔ 启动 worker [LAR] → 'LAR.log'
✔ 启动 worker [log2LAR] → 'log2LAR.log'
✔ 启动 worker [RAR] → 'RAR.log'
✔ 启动 worker [HRR] → 'HRR.log'
✔ 启动 worker [PNI] → 'PNI.log'
✔ 启动 worker [SOSM] → 'SOSM.log'
✔ 启动 worker [BMI] → 'BMI.log'
✔ 启动 worker [MCH] → 'MCH.log'
✔ 启动 worker [MCV] → 'MCV.log'
✔ 启动 worker [MCHC] → 'MCHC.log'
✔ 启动 worker [RDW_CV] → 'RDW_CV.log'
✔ 启动 worker [HHR] → 'HHR.log'
✔ 启动 worker [ACAG] → 'ACAG.log'
✔ 启动 worker [AFR] → 'AFR.log'
ℹ 等待最后 29 个 worker…
✔ [1/29] De_Ritis 完成 (status=error)
ℹ   📁 De_Ritis → 【failed】De_Ritis
✔ [2/29] APRI 完成 (status=error)
ℹ   📁 APRI → 【failed】APRI
✔ [3/29] FIB4 完成 (status=error)
ℹ   📁 FIB4 → 【failed】FIB4
✔ [4/29] TyG 完成 (status=error)
ℹ   📁 TyG → 【failed】TyG
✔ [5/29] AFR 完成 (status=error)
ℹ   📁 AFR → 【failed】AFR
✔ [6/29] BAR 完成 (status=success)
ℹ   📁 BAR → 【success】BAR
✔ [7/29] NLR 完成 (status=success)
ℹ   📁 NLR → 【success】NLR
✔ [8/29] SII 完成 (status=success)
ℹ   📁 SII → 【success】SII
✔ [9/29] ANLR 完成 (status=success)
ℹ   📁 ANLR → 【success】ANLR
✔ [10/29] GLR 完成 (status=success)
ℹ   📁 GLR → 【success】GLR
✔ [11/29] log2LAR 完成 (status=success)
ℹ   📁 log2LAR → 【success】log2LAR
✔ [12/29] HRR 完成 (status=success)
ℹ   📁 HRR → 【success】HRR
✔ [13/29] SOSM 完成 (status=success)
ℹ   📁 SOSM → 【success】SOSM
✔ [14/29] MCH 完成 (status=success)
ℹ   📁 MCH → 【success】MCH
✔ [15/29] MCHC 完成 (status=success)
ℹ   📁 MCHC → 【success】MCHC
✔ [16/29] RDW_CV 完成 (status=success)
ℹ   📁 RDW_CV → 【success】RDW_CV
✔ [17/29] HHR 完成 (status=success)
ℹ   📁 HHR → 【success】HHR
✔ [18/29] PLR 完成 (status=success)
ℹ   📁 PLR → 【success】PLR
✔ [19/29] NLPR 完成 (status=success)
ℹ   📁 NLPR → 【success】NLPR
✔ [20/29] HALP 完成 (status=success)
ℹ   📁 HALP → 【success】HALP
✔ [21/29] WPR 完成 (status=success)
ℹ   📁 WPR → 【success】WPR
✔ [22/29] GPR 完成 (status=success)
ℹ   📁 GPR → 【success】GPR
✔ [23/29] ALBI 完成 (status=success)
ℹ   📁 ALBI → 【success】ALBI
✔ [24/29] LAR 完成 (status=success)
ℹ   📁 LAR → 【success】LAR
✔ [25/29] RAR 完成 (status=success)
ℹ   📁 RAR → 【success】RAR
✔ [26/29] PNI 完成 (status=success)
ℹ   📁 PNI → 【success】PNI
✔ [27/29] BMI 完成 (status=success)
ℹ   📁 BMI → 【success】BMI
✔ [28/29] MCV 完成 (status=success)
ℹ   📁 MCV → 【success】MCV
✔ [29/29] ACAG 完成 (status=success)
ℹ   📁 ACAG → 【success】ACAG

── Batch 汇总（共 29 个指标） ──

✔ 成功: 24
ℹ 仅 NHANES: 0
ℹ 未运行: 0
✖ 失败: 5
✔ 汇总表: 'G:/02block_result/29_SLE/inincidence_prognosis_39003396_42304330/Tables/Batch_summary_all_indices.csv'
